Microchip Technology Inc, v1.31 (A)

Tool Name:
  c:\program files (x86)\microchip\xc16\v1.31\bin\bin\..\bin/elf-ld.exe

Command:
  -p30F2020 \
  -o \
  dist/default/production/final.X.production.elf \
  -Lc:/program files (x86)/microchip/xc16/v1.31/bin/bin/.. \
  -Lc:/program files (x86)/microchip/xc16/v1.31/bin/bin/../../lib \
  -Lc:/program files (x86)/microchip/xc16/v1.31/bin/bin/../../support/PIC24E/gld \
  -Lc:/program files (x86)/microchip/xc16/v1.31/bin/bin/../../support/PIC24F/gld \
  -Lc:/program files (x86)/microchip/xc16/v1.31/bin/bin/../../support/PIC24H/gld \
  -Lc:/program files (x86)/microchip/xc16/v1.31/bin/bin/../../support/dsPIC30F/gld \
  -Lc:/program files (x86)/microchip/xc16/v1.31/bin/bin/../../support/dsPIC33E/gld \
  -Lc:/program files (x86)/microchip/xc16/v1.31/bin/bin/../../support/dsPIC33F/gld \
  build/default/production/main.o \
  --defsym=__MPLAB_BUILD=1 \
  -Tp30F2020.gld.00 \
  --stack=16 \
  --check-sections \
  --data-init \
  --pack-data \
  --handles \
  --isr \
  --no-gc-sections \
  --fill-upper=0 \
  --stackguard=16 \
  --no-force-link \
  --smart-io \
  -Map=dist/default/production/final.X.production.map \
  --report-mem \
  --memorysummary \
  dist/default/production/memoryfile.xml \
  -start-group \
  --library=lega-pic30-elf \
  --library=m-elf \
  --library=lega-c-elf \
  -end-group \


Optional library libp30F2020.a not found
Archive member included because of file (symbol)

c:/program files (x86)/microchip/xc16/v1.31/bin/bin/../../lib\liblega-pic30-elf.a(crt0_standard.o)
                              (__resetPRI)
c:/program files (x86)/microchip/xc16/v1.31/bin/bin/../../lib\liblega-pic30-elf.a(data_init_standard.o)
                              c:/program files (x86)/microchip/xc16/v1.31/bin/bin/../../lib\liblega-pic30-elf.a(crt0_standard.o) (__data_init_standard)
c:/program files (x86)/microchip/xc16/v1.31/bin/bin/../../lib\liblega-pic30-elf.a(crt_start_mode_normal.Leo)
                              (__crt_start_mode_normal)
c:/program files (x86)/microchip/xc16/v1.31/bin/bin/../../lib\liblega-pic30-elf.a(c30_uart.Leo)
                              build/default/production/main.o (___C30_UART)
c:/program files (x86)/microchip/xc16/v1.31/bin/bin/../../lib\liblega-pic30-elf.a(delay32.Leo)
                              build/default/production/main.o (___delay32)
c:/program files (x86)/microchip/xc16/v1.31/bin/bin/../../lib\libm-elf.a(addsf3.eo)
                              build/default/production/main.o (___subsf3)
c:/program files (x86)/microchip/xc16/v1.31/bin/bin/../../lib\libm-elf.a(divsf3.eo)
                              build/default/production/main.o (___divsf3)
c:/program files (x86)/microchip/xc16/v1.31/bin/bin/../../lib\libm-elf.a(feqltle.eo)
                              build/default/production/main.o (___ltsf2)
c:/program files (x86)/microchip/xc16/v1.31/bin/bin/../../lib\libm-elf.a(fixsfsi.eo)
                              build/default/production/main.o (_(float, int, long long, short, float, short, int))
c:/program files (x86)/microchip/xc16/v1.31/bin/bin/../../lib\libm-elf.a(floatsisf.eo)
                              build/default/production/main.o (___floatsisf)
c:/program files (x86)/microchip/xc16/v1.31/bin/bin/../../lib\libm-elf.a(floatunsisf.eo)
                              build/default/production/main.o (___floatunsisf)
c:/program files (x86)/microchip/xc16/v1.31/bin/bin/../../lib\libm-elf.a(fpack.eo)
                              c:/program files (x86)/microchip/xc16/v1.31/bin/bin/../../lib\libm-elf.a(addsf3.eo) (__fpack)
c:/program files (x86)/microchip/xc16/v1.31/bin/bin/../../lib\libm-elf.a(funpack.eo)
                              c:/program files (x86)/microchip/xc16/v1.31/bin/bin/../../lib\libm-elf.a(fixsfsi.eo) (__funpack)
c:/program files (x86)/microchip/xc16/v1.31/bin/bin/../../lib\libm-elf.a(funpack2.eo)
                              c:/program files (x86)/microchip/xc16/v1.31/bin/bin/../../lib\libm-elf.a(addsf3.eo) (__funpack2)
c:/program files (x86)/microchip/xc16/v1.31/bin/bin/../../lib\libm-elf.a(futil.eo)
                              c:/program files (x86)/microchip/xc16/v1.31/bin/bin/../../lib\libm-elf.a(addsf3.eo) (__fPropagateNaN)
c:/program files (x86)/microchip/xc16/v1.31/bin/bin/../../lib\libm-elf.a(mulsf3.eo)
                              build/default/production/main.o (___mulsf3)
c:/program files (x86)/microchip/xc16/v1.31/bin/bin/../../lib\libm-elf.a(powf.eo)
                              build/default/production/main.o (_powf)
c:/program files (x86)/microchip/xc16/v1.31/bin/bin/../../lib\libm-elf.a(_frexpf.eo)
                              c:/program files (x86)/microchip/xc16/v1.31/bin/bin/../../lib\libm-elf.a(powf.eo) (__frexpf)
c:/program files (x86)/microchip/xc16/v1.31/bin/bin/../../lib\libm-elf.a(errno.eo)
                              c:/program files (x86)/microchip/xc16/v1.31/bin/bin/../../lib\libm-elf.a(powf.eo) (_errno)
c:/program files (x86)/microchip/xc16/v1.31/bin/bin/../../lib\libm-elf.a(expf.eo)
                              c:/program files (x86)/microchip/xc16/v1.31/bin/bin/../../lib\libm-elf.a(powf.eo) (_expf)
c:/program files (x86)/microchip/xc16/v1.31/bin/bin/../../lib\libm-elf.a(fchop.eo)
                              c:/program files (x86)/microchip/xc16/v1.31/bin/bin/../../lib\libm-elf.a(powf.eo) (__fchop)
c:/program files (x86)/microchip/xc16/v1.31/bin/bin/../../lib\libm-elf.a(fcompare.eo)
                              c:/program files (x86)/microchip/xc16/v1.31/bin/bin/../../lib\libm-elf.a(feqltle.eo) (__fcompare)
c:/program files (x86)/microchip/xc16/v1.31/bin/bin/../../lib\libm-elf.a(fgtge.eo)
                              c:/program files (x86)/microchip/xc16/v1.31/bin/bin/../../lib\libm-elf.a(expf.eo) (___gtsf2)
c:/program files (x86)/microchip/xc16/v1.31/bin/bin/../../lib\libm-elf.a(floatdisf.eo)
                              c:/program files (x86)/microchip/xc16/v1.31/bin/bin/../../lib\libm-elf.a(floatsisf.eo) (___floatdisf)
c:/program files (x86)/microchip/xc16/v1.31/bin/bin/../../lib\libm-elf.a(floatundisf.eo)
                              c:/program files (x86)/microchip/xc16/v1.31/bin/bin/../../lib\libm-elf.a(floatunsisf.eo) (___floatundisf)
c:/program files (x86)/microchip/xc16/v1.31/bin/bin/../../lib\libm-elf.a(ldexpf.eo)
                              c:/program files (x86)/microchip/xc16/v1.31/bin/bin/../../lib\libm-elf.a(powf.eo) (_ldexpf)
c:/program files (x86)/microchip/xc16/v1.31/bin/bin/../../lib\libm-elf.a(logf.eo)
                              c:/program files (x86)/microchip/xc16/v1.31/bin/bin/../../lib\libm-elf.a(powf.eo) (_logf)
c:/program files (x86)/microchip/xc16/v1.31/bin/bin/../../lib\liblega-c-elf.a(putchar.XX_eo)
                              build/default/production/main.o (_putchar)
c:/program files (x86)/microchip/xc16/v1.31/bin/bin/../../lib\liblega-c-elf.a(xfiles.XX_eo)
                              c:/program files (x86)/microchip/xc16/v1.31/bin/bin/../../lib\liblega-c-elf.a(putchar.XX_eo) (__Stdout)
c:/program files (x86)/microchip/xc16/v1.31/bin/bin/../../lib\liblega-c-elf.a(fputc.XX_elo)
                              c:/program files (x86)/microchip/xc16/v1.31/bin/bin/../../lib\liblega-c-elf.a(putchar.XX_eo) (_fputc)
c:/program files (x86)/microchip/xc16/v1.31/bin/bin/../../lib\liblega-c-elf.a(xfwprep.XX_elo)
                              c:/program files (x86)/microchip/xc16/v1.31/bin/bin/../../lib\liblega-c-elf.a(fputc.XX_elo) (__Fwprep)
c:/program files (x86)/microchip/xc16/v1.31/bin/bin/../../lib\liblega-c-elf.a(printf_s.XXelo)
                              build/default/production/main.o (__printf_s)
c:/program files (x86)/microchip/xc16/v1.31/bin/bin/../../lib\liblega-c-elf.a(xprintf_s.XXelo)
                              c:/program files (x86)/microchip/xc16/v1.31/bin/bin/../../lib\liblega-c-elf.a(printf_s.XXelo) (___Printf_s)
c:/program files (x86)/microchip/xc16/v1.31/bin/bin/../../lib\liblega-c-elf.a(xputfld_s.XXelo)
                              c:/program files (x86)/microchip/xc16/v1.31/bin/bin/../../lib\liblega-c-elf.a(xprintf_s.XXelo) (___Putfld_s)
c:/program files (x86)/microchip/xc16/v1.31/bin/bin/../../lib\liblega-c-elf.a(fclose.XX_eo)
                              c:/program files (x86)/microchip/xc16/v1.31/bin/bin/../../lib\liblega-c-elf.a(xfwprep.XX_elo) (__Closreg)
c:/program files (x86)/microchip/xc16/v1.31/bin/bin/../../lib\liblega-c-elf.a(fflush.XX_eo)
                              c:/program files (x86)/microchip/xc16/v1.31/bin/bin/../../lib\liblega-c-elf.a(fputc.XX_elo) (__DNKfflush)
c:/program files (x86)/microchip/xc16/v1.31/bin/bin/../../lib\liblega-c-elf.a(strchr.XX_eo)
                              c:/program files (x86)/microchip/xc16/v1.31/bin/bin/../../lib\liblega-c-elf.a(xprintf_s.XXelo) (_strchr)
c:/program files (x86)/microchip/xc16/v1.31/bin/bin/../../lib\liblega-c-elf.a(xatexit.XX_eo)
                              c:/program files (x86)/microchip/xc16/v1.31/bin/bin/../../lib\liblega-c-elf.a(fclose.XX_eo) (__Atexit)
c:/program files (x86)/microchip/xc16/v1.31/bin/bin/../../lib\liblega-c-elf.a(xvacopy.XX_eo)
                              c:/program files (x86)/microchip/xc16/v1.31/bin/bin/../../lib\liblega-c-elf.a(xprintf_s.XXelo) (__Vacopy)
c:/program files (x86)/microchip/xc16/v1.31/bin/bin/../../lib\liblega-c-elf.a(free.XX_elo)
                              c:/program files (x86)/microchip/xc16/v1.31/bin/bin/../../lib\liblega-c-elf.a(fclose.XX_eo) (_free)
c:/program files (x86)/microchip/xc16/v1.31/bin/bin/../../lib\liblega-c-elf.a(fwrite.XX_elo)
                              c:/program files (x86)/microchip/xc16/v1.31/bin/bin/../../lib\liblega-c-elf.a(printf_s.XXelo) (_fwrite)
c:/program files (x86)/microchip/xc16/v1.31/bin/bin/../../lib\liblega-c-elf.a(malloc.XX_elo)
                              c:/program files (x86)/microchip/xc16/v1.31/bin/bin/../../lib\liblega-c-elf.a(free.XX_elo) (__Aldata)
c:/program files (x86)/microchip/xc16/v1.31/bin/bin/../../lib\liblega-c-elf.a(memchr.XX_elo)
                              c:/program files (x86)/microchip/xc16/v1.31/bin/bin/../../lib\liblega-c-elf.a(xputfld_s.XXelo) (_memchr)
c:/program files (x86)/microchip/xc16/v1.31/bin/bin/../../lib\liblega-c-elf.a(memcpy.XX_elo)
                              c:/program files (x86)/microchip/xc16/v1.31/bin/bin/../../lib\liblega-c-elf.a(fwrite.XX_elo) (_memcpy)
c:/program files (x86)/microchip/xc16/v1.31/bin/bin/../../lib\liblega-c-elf.a(strlen.XX_elo)
                              c:/program files (x86)/microchip/xc16/v1.31/bin/bin/../../lib\liblega-c-elf.a(xputfld_s.XXelo) (_strlen)
c:/program files (x86)/microchip/xc16/v1.31/bin/bin/../../lib\liblega-c-elf.a(xgetmem.XX_elo)
                              c:/program files (x86)/microchip/xc16/v1.31/bin/bin/../../lib\liblega-c-elf.a(malloc.XX_elo) (__Getmem)
c:/program files (x86)/microchip/xc16/v1.31/bin/bin/../../lib\liblega-c-elf.a(xputtxt.XX_elo)
                              c:/program files (x86)/microchip/xc16/v1.31/bin/bin/../../lib\liblega-c-elf.a(xprintf_s.XXelo) (__Puttxt)
c:/program files (x86)/microchip/xc16/v1.31/bin/bin/../../lib\liblega-pic30-elf.a(close.Leo)
                              c:/program files (x86)/microchip/xc16/v1.31/bin/bin/../../lib\liblega-c-elf.a(fclose.XX_eo) (_close)
c:/program files (x86)/microchip/xc16/v1.31/bin/bin/../../lib\liblega-pic30-elf.a(write.Leo)
                              c:/program files (x86)/microchip/xc16/v1.31/bin/bin/../../lib\liblega-c-elf.a(fflush.XX_eo) (_write)
c:/program files (x86)/microchip/xc16/v1.31/bin/bin/../../lib\liblega-pic30-elf.a(remove.Leo)
                              c:/program files (x86)/microchip/xc16/v1.31/bin/bin/../../lib\liblega-c-elf.a(fclose.XX_eo) (_remove)
c:/program files (x86)/microchip/xc16/v1.31/bin/bin/../../lib\liblega-pic30-elf.a(sbrk.Leo)
                              c:/program files (x86)/microchip/xc16/v1.31/bin/bin/../../lib\liblega-c-elf.a(xgetmem.XX_elo) (_sbrk)
c:/program files (x86)/microchip/xc16/v1.31/bin/bin/../../lib\liblega-pic30-elf.a(brk.Lelo)
                              c:/program files (x86)/microchip/xc16/v1.31/bin/bin/../../lib\liblega-pic30-elf.a(sbrk.Leo) (_brk)
c:/program files (x86)/microchip/xc16/v1.31/bin/bin/../../lib\libm-elf.a(udivsi3.eo)
                              c:/program files (x86)/microchip/xc16/v1.31/bin/bin/../../lib\liblega-c-elf.a(fwrite.XX_elo) (___udivsi3)
c:/program files (x86)/microchip/xc16/v1.31/bin/bin/../../lib\libm-elf.a(mulsi3.eo)
                              c:/program files (x86)/microchip/xc16/v1.31/bin/bin/../../lib\liblega-c-elf.a(fwrite.XX_elo) (___mulsi3)


Selected CodeGuard Options:
  FGS:GWRP:GWRP_OFF
  FGS:GSS:GSS_OFF
  FBS:BWRP:BWRP_OFF
  FBS:BSS:NO_BOOT_CODE

CodeGuard FLASH Memory:
  boot    (none)
  secure  (none)
  general 0x100 to 0x1ffe

CodeGuard RAM Memory:
  general 0x800 to 0x9ff
  secure  (none)
  boot    (none)


xc16-ld 1.31 (A)

Program Memory  [Origin = 0x100, Length = 0x1f00]

section                    address   length (PC units)   length (bytes) (dec)
-------                    -------   -----------------   --------------------
.text                        0x100              0x1174          0x1a2e  (6702)
.const                      0x1274                 0x4             0x6  (6)
.text                       0x1278               0x21a           0x327  (807)
.dinit                      0x1492                0xac           0x102  (258)
.init.delay32               0x153e                0x1c            0x2a  (42)

                 Total program memory used (bytes):         0x1e87  (7815) 65%


Ivt Memory  [Origin = 0x4, Length = 0x7c]

section                    address   length (PC units)   length (bytes) (dec)
-------                    -------   -----------------   --------------------
.ivt._ADCInterrupt            0x2a                 0x2             0x3  (3)


Data Memory  [Origin = 0x800, Length = 0x200]

section                    address      alignment gaps    total length  (dec)
-------                    -------      --------------    -------------------
.nbss                        0x800                   0             0xa  (10)
.data                        0x80a                   0            0xa6  (166)
.bss                         0x8b0                   0             0x4  (4)
.data                        0x8b4                   0             0x2  (2)
.bss                         0x8b6                   0             0x4  (4)

                 Total data memory used (bytes):           0xba  (186) 36%


Dynamic Memory Usage

region                     address                      maximum length  (dec)
------                     -------                      ---------------------
heap                             0                                   0  (0)
stack                        0x8ba                               0x146  (326)

                 Maximum dynamic memory (bytes):          0x146  (326)


External Symbols in Data Memory (by address):

                    0x0800                  _a1
                    0x0802                  _a2
                    0x0804                  _v2
                    0x080a                  __Stdin
                    0x0832                  __Stdout
                    0x085a                  __Stderr
                    0x0882                  __Files
                    0x08ac                  __Size_block
                    0x08b0                  __Aldata
                    0x08b4                  ___C30_UART
                    0x08b8                  ___curbrk

External Symbols in Data Memory (by name):

                    0x08b0                  __Aldata
                    0x0882                  __Files
                    0x08ac                  __Size_block
                    0x085a                  __Stderr
                    0x080a                  __Stdin
                    0x0832                  __Stdout
                    0x08b4                  ___C30_UART
                    0x08b8                  ___curbrk
                    0x0800                  _a1
                    0x0802                  _a2
                    0x0804                  _v2

External Symbols in Program Memory (by address):

                  0x000100                  __resetPRI
                  0x00013c                  __psv_init
                  0x000152                  __data_init_standard
                  0x000152                  __data_init
                  0x0001d4                  __DefaultInterrupt
                  0x00029a                  ___subsf3
                  0x00029c                  ___addsf3
                  0x000356                  ___divsf3
                  0x0003da                  ___lesf2
                  0x0003da                  ___eqsf2
                  0x0003da                  ___ltsf2
                  0x0003de                  ___fixsfsi
                  0x000420                  ___floatsisf
                  0x000426                  ___floatunsisf
                  0x00042a                  __fpack
                  0x000476                  __funpack
                  0x0004a0                  __funpack2
                  0x0004b0                  __fPropagateNaN
                  0x0004c2                  __fbopExit
                  0x0004ca                  __fbopReturnNaN
                  0x0004d0                  ___mulsf3
                  0x000538                  _powf
                  0x0006fe                  __frexpf
                  0x000718                  _expf
                  0x0007dc                  __fchop
                  0x00082a                  __fcompare
                  0x000860                  ___gtsf2
                  0x000860                  ___gesf2
                  0x000864                  ___floatdisf
                  0x000884                  ___floatundisf
                  0x0008e2                  _ldexpf
                  0x000926                  _logf
                  0x0009d4                  _putchar
                  0x0009d8                  _fputc
                  0x000a24                  __Fwprep
                  0x000ab4                  printf_s.XXelo:_prout
                  0x000ad8                  __printf_s
                  0x000ad8                  __printf_0
                  0x000ae8                  ___Printf_s
                  0x000c6c                  ___Putfld_s
                  0x000cce                  __Closreg
                  0x000ce0                  _fclose
                  0x000d64                  fclose.XX_eo:_closeall
                  0x000d7a                  __DNKfflush
                  0x000df0                  _strchr
                  0x000e08                  __Atexit
                  0x000e20                  __Vacopy
                  0x000e24                  _free
                  0x000e8e                  _fwrite
                  0x000fda                  _malloc
                  0x001048                  _memchr
                  0x001078                  _memcpy
                  0x00108e                  _strlen
                  0x0010a6                  __Getmem
                  0x0010be                  __Puttxt
                  0x001248                  ___udivsi3
                  0x001268                  ___mulp32eds3
                  0x001268                  ___mulsi3
                  0x001268                  ___mulp32peds3
                  0x001278                  _floatToString
                  0x0013d8                  _Init_ADC
                  0x001438                  __ADCInterrupt
                  0x00144e                  _Init_UART
                  0x001466                  _main
                  0x00153e                  ___delay32
                  0xf80000                  __FBS.sec
                  0xf80004                  __FGS.sec

External Symbols in Program Memory (by name):

                  0x0013d8                  _Init_ADC
                  0x00144e                  _Init_UART
                  0x001438                  __ADCInterrupt
                  0x000e08                  __Atexit
                  0x000cce                  __Closreg
                  0x000d7a                  __DNKfflush
                  0x0001d4                  __DefaultInterrupt
                  0xf80000                  __FBS.sec
                  0xf80004                  __FGS.sec
                  0x000a24                  __Fwprep
                  0x0010a6                  __Getmem
                  0x0010be                  __Puttxt
                  0x000e20                  __Vacopy
                  0x000ae8                  ___Printf_s
                  0x000c6c                  ___Putfld_s
                  0x00029c                  ___addsf3
                  0x00153e                  ___delay32
                  0x000356                  ___divsf3
                  0x0003da                  ___eqsf2
                  0x0003de                  ___fixsfsi
                  0x000864                  ___floatdisf
                  0x000420                  ___floatsisf
                  0x000884                  ___floatundisf
                  0x000426                  ___floatunsisf
                  0x000860                  ___gesf2
                  0x000860                  ___gtsf2
                  0x0003da                  ___lesf2
                  0x0003da                  ___ltsf2
                  0x001268                  ___mulp32eds3
                  0x001268                  ___mulp32peds3
                  0x0004d0                  ___mulsf3
                  0x001268                  ___mulsi3
                  0x00029a                  ___subsf3
                  0x001248                  ___udivsi3
                  0x000152                  __data_init
                  0x000152                  __data_init_standard
                  0x0004b0                  __fPropagateNaN
                  0x0004c2                  __fbopExit
                  0x0004ca                  __fbopReturnNaN
                  0x0007dc                  __fchop
                  0x00082a                  __fcompare
                  0x00042a                  __fpack
                  0x0006fe                  __frexpf
                  0x000476                  __funpack
                  0x0004a0                  __funpack2
                  0x000ad8                  __printf_0
                  0x000ad8                  __printf_s
                  0x00013c                  __psv_init
                  0x000100                  __resetPRI
                  0x000718                  _expf
                  0x000ce0                  _fclose
                  0x001278                  _floatToString
                  0x0009d8                  _fputc
                  0x000e24                  _free
                  0x000e8e                  _fwrite
                  0x0008e2                  _ldexpf
                  0x000926                  _logf
                  0x001466                  _main
                  0x000fda                  _malloc
                  0x001048                  _memchr
                  0x001078                  _memcpy
                  0x000538                  _powf
                  0x0009d4                  _putchar
                  0x000df0                  _strchr
                  0x00108e                  _strlen
                  0x000d64                  fclose.XX_eo:_closeall
                  0x000ab4                  printf_s.XXelo:_prout

Memory Configuration

Name             Origin             Length             Attributes
data             0x000800           0x000200           a !xr
reset            0x000000           0x000004  
ivt              0x000004           0x00007c  
_reserved        0x000080           0x000004  
aivt             0x000084           0x00007c  
program          0x000100           0x001f00           xr
FBS              0xf80000           0x000002  
FGS              0xf80004           0x000002  
FOSCSEL          0xf80006           0x000002  
FOSC             0xf80008           0x000002  
FWDT             0xf8000a           0x000002  
FPOR             0xf8000c           0x000002  
FICD             0xf8000e           0x000002  
*default*        0x000000           0xffffffff  

Linker script and memory map

LOAD build/default/production/main.o
                    0x0001                  __MPLAB_BUILD = 0x1
LOAD p30F2020
LOAD c:/program files (x86)/microchip/xc16/v1.31/bin/bin/../../lib\libfx-elf.a
                    0xf80000                  __FBS = 0xf80000
                    0xf80004                  __FGS = 0xf80004
                    0xf80006                  __FOSCSEL = 0xf80006
                    0xf80008                  __FOSC = 0xf80008
                    0xf8000a                  __FWDT = 0xf8000a
                    0xf8000c                  __FPOR = 0xf8000c
                    0xf8000e                  __FICD = 0xf8000e
                    0x0001                  __NO_HANDLES = 0x1
                    0x0100                  __CODE_BASE = 0x100
                    0x1f00                  __CODE_LENGTH = 0x1f00
                    0x0004                  __IVT_BASE = 0x4
                    0x0084                  __AIVT_BASE = 0x84
                    0x0800                  __DATA_BASE = 0x800
                    0x0200                  __DATA_LENGTH = 0x200
                    0x0900                  __YDATA_BASE = 0x900

.reset            0x000000          0x4
                  0x000000          0x2 SHORT 0x100 ABSOLUTE (__reset)
                  0x000001          0x2 SHORT 0x4
                  0x000002          0x2 SHORT 0x0 ((ABSOLUTE (__reset) >> 0x10) & 0x7f)
                  0x000003          0x2 SHORT 0x0

.text             0x000100       0x1174
 *(.init)
 .init            0x000100         0x4c c:/program files (x86)/microchip/xc16/v1.31/bin/bin/../../lib\liblega-pic30-elf.a(crt0_standard.o)
                  0x000100                  __resetPRI
                  0x000100                  __reset
                  0x00013c                  __psv_init
 .init            0x00014c         0x7c c:/program files (x86)/microchip/xc16/v1.31/bin/bin/../../lib\liblega-pic30-elf.a(data_init_standard.o)
                  0x000152                  __data_init_standard
                  0x000152                  __data_init
 *(.user_init)
 *(.handle)
 *(.isr*)
 .isr             0x0001d4          0x4 default_isr
                  0x0001d4                  __DefaultInterrupt
 *(.libc)
 .libc            0x0001d8         0x12 c:/program files (x86)/microchip/xc16/v1.31/bin/bin/../../lib\liblega-pic30-elf.a(close.Leo)
                  0x0001d8                  _close
 .libc            0x0001ea         0x5a c:/program files (x86)/microchip/xc16/v1.31/bin/bin/../../lib\liblega-pic30-elf.a(write.Leo)
                  0x0001ea                  _write
 .libc            0x000244         0x12 c:/program files (x86)/microchip/xc16/v1.31/bin/bin/../../lib\liblega-pic30-elf.a(remove.Leo)
                  0x000244                  _remove
 .libc            0x000256         0x28 c:/program files (x86)/microchip/xc16/v1.31/bin/bin/../../lib\liblega-pic30-elf.a(sbrk.Leo)
                  0x000256                  _sbrk
 .libc            0x00027e         0x1a c:/program files (x86)/microchip/xc16/v1.31/bin/bin/../../lib\liblega-pic30-elf.a(brk.Lelo)
                  0x00027e                  _brk
 *(.libm)
 *(.libdsp)
 *(.lib*)
 .libpic30_crt_start_mode
                  0x000298          0x2 c:/program files (x86)/microchip/xc16/v1.31/bin/bin/../../lib\liblega-pic30-elf.a(crt_start_mode_normal.Leo)
                  0x000298                  __crt_start_mode
                  0x000298                  __crt_start_mode_normal
 .libm.subsf3     0x00029a         0xbc c:/program files (x86)/microchip/xc16/v1.31/bin/bin/../../lib\libm-elf.a(addsf3.eo)
                  0x00029a                  ___subsf3
                  0x00029c                  ___addsf3
 .libm.divfs3     0x000356         0x84 c:/program files (x86)/microchip/xc16/v1.31/bin/bin/../../lib\libm-elf.a(divsf3.eo)
                  0x000356                  ___divsf3
 .libm.eqsf2      0x0003da          0x4 c:/program files (x86)/microchip/xc16/v1.31/bin/bin/../../lib\libm-elf.a(feqltle.eo)
                  0x0003da                  ___eqsf2
                  0x0003da                  ___ltsf2
                  0x0003da                  ___lesf2
 .libm.fixsfsi    0x0003de         0x42 c:/program files (x86)/microchip/xc16/v1.31/bin/bin/../../lib\libm-elf.a(fixsfsi.eo)
                  0x0003de                  _(float, int, long long, short, float, short, int)
 .libm.floatsisf
                  0x000420          0x6 c:/program files (x86)/microchip/xc16/v1.31/bin/bin/../../lib\libm-elf.a(floatsisf.eo)
                  0x000420                  ___floatsisf
 .libm.floatunsisf
                  0x000426          0x4 c:/program files (x86)/microchip/xc16/v1.31/bin/bin/../../lib\libm-elf.a(floatunsisf.eo)
                  0x000426                  ___floatunsisf
 .libm.fpack      0x00042a         0x4c c:/program files (x86)/microchip/xc16/v1.31/bin/bin/../../lib\libm-elf.a(fpack.eo)
                  0x00042a                  __fpack
 .libm.funpack    0x000476         0x2a c:/program files (x86)/microchip/xc16/v1.31/bin/bin/../../lib\libm-elf.a(funpack.eo)
                  0x000476                  __funpack
 .libm.funpack2
                  0x0004a0         0x10 c:/program files (x86)/microchip/xc16/v1.31/bin/bin/../../lib\libm-elf.a(funpack2.eo)
                  0x0004a0                  __funpack2
 .libm.fPropagateNaN
                  0x0004b0         0x12 c:/program files (x86)/microchip/xc16/v1.31/bin/bin/../../lib\libm-elf.a(futil.eo)
                  0x0004b0                  __fPropagateNaN
 .libm.fbobExit
                  0x0004c2          0x8 c:/program files (x86)/microchip/xc16/v1.31/bin/bin/../../lib\libm-elf.a(futil.eo)
                  0x0004c2                  __fbopExit
 .libm.fbopReturnNaN
                  0x0004ca          0x6 c:/program files (x86)/microchip/xc16/v1.31/bin/bin/../../lib\libm-elf.a(futil.eo)
                  0x0004ca                  __fbopReturnNaN
 .libm.mulsf3     0x0004d0         0x68 c:/program files (x86)/microchip/xc16/v1.31/bin/bin/../../lib\libm-elf.a(mulsf3.eo)
                  0x0004d0                  ___mulsf3
 .libm.powf       0x000538        0x1c6 c:/program files (x86)/microchip/xc16/v1.31/bin/bin/../../lib\libm-elf.a(powf.eo)
                  0x000538                  _powf
 .libm.frexpf     0x0006fe         0x1a c:/program files (x86)/microchip/xc16/v1.31/bin/bin/../../lib\libm-elf.a(_frexpf.eo)
                  0x0006fe                  __frexpf
 .libm.expf       0x000718         0xc4 c:/program files (x86)/microchip/xc16/v1.31/bin/bin/../../lib\libm-elf.a(expf.eo)
                  0x000718                  _expf
 .libm.fchop      0x0007dc         0x4e c:/program files (x86)/microchip/xc16/v1.31/bin/bin/../../lib\libm-elf.a(fchop.eo)
                  0x0007dc                  __fchop
 .libm.fcompare
                  0x00082a         0x36 c:/program files (x86)/microchip/xc16/v1.31/bin/bin/../../lib\libm-elf.a(fcompare.eo)
                  0x00082a                  __fcompare
 .libm.gtsf2      0x000860          0x4 c:/program files (x86)/microchip/xc16/v1.31/bin/bin/../../lib\libm-elf.a(fgtge.eo)
                  0x000860                  ___gesf2
                  0x000860                  ___gtsf2
 .libm.floatdisf
                  0x000864         0x20 c:/program files (x86)/microchip/xc16/v1.31/bin/bin/../../lib\libm-elf.a(floatdisf.eo)
                  0x000864                  ___floatdisf
 .libm.floatundisf
                  0x000884         0x5e c:/program files (x86)/microchip/xc16/v1.31/bin/bin/../../lib\libm-elf.a(floatundisf.eo)
                  0x000884                  ___floatundisf
 .libm.ldexpf     0x0008e2         0x44 c:/program files (x86)/microchip/xc16/v1.31/bin/bin/../../lib\libm-elf.a(ldexpf.eo)
                  0x0008e2                  _ldexpf
 .libm.logf       0x000926         0xae c:/program files (x86)/microchip/xc16/v1.31/bin/bin/../../lib\libm-elf.a(logf.eo)
                  0x000926                  _logf
 .libc.putchar    0x0009d4          0x4 c:/program files (x86)/microchip/xc16/v1.31/bin/bin/../../lib\liblega-c-elf.a(putchar.XX_eo)
                  0x0009d4                  _putchar
 .libc.fputc      0x0009d8         0x4c c:/program files (x86)/microchip/xc16/v1.31/bin/bin/../../lib\liblega-c-elf.a(fputc.XX_elo)
                  0x0009d8                  _fputc
 .libc._Fwprep    0x000a24         0x90 c:/program files (x86)/microchip/xc16/v1.31/bin/bin/../../lib\liblega-c-elf.a(xfwprep.XX_elo)
                  0x000a24                  __Fwprep
 .libc.prout      0x000ab4         0x24 c:/program files (x86)/microchip/xc16/v1.31/bin/bin/../../lib\liblega-c-elf.a(printf_s.XXelo)
                  0x000ab4                  printf_s.XXelo:_prout
 .libc._printf_s
                  0x000ad8         0x10 c:/program files (x86)/microchip/xc16/v1.31/bin/bin/../../lib\liblega-c-elf.a(printf_s.XXelo)
                  0x000ad8                  __printf_s
                  0x000ad8                  __printf_0
 .libc.__Printf_s
                  0x000ae8        0x184 c:/program files (x86)/microchip/xc16/v1.31/bin/bin/../../lib\liblega-c-elf.a(xprintf_s.XXelo)
                  0x000ae8                  ___Printf_s
 .libc.__Putfld_s
                  0x000c6c         0x5e c:/program files (x86)/microchip/xc16/v1.31/bin/bin/../../lib\liblega-c-elf.a(xputfld_s.XXelo)
                  0x000c6c                  ___Putfld_s
 .libc.closeallreg
                  0x000cca          0x4 c:/program files (x86)/microchip/xc16/v1.31/bin/bin/../../lib\liblega-c-elf.a(fclose.XX_eo)
 .libc._Closreg
                  0x000cce         0x12 c:/program files (x86)/microchip/xc16/v1.31/bin/bin/../../lib\liblega-c-elf.a(fclose.XX_eo)
                  0x000cce                  __Closreg
 .libc.fclose     0x000ce0         0x84 c:/program files (x86)/microchip/xc16/v1.31/bin/bin/../../lib\liblega-c-elf.a(fclose.XX_eo)
                  0x000ce0                  _fclose
 .libc.closeall
                  0x000d64         0x16 c:/program files (x86)/microchip/xc16/v1.31/bin/bin/../../lib\liblega-c-elf.a(fclose.XX_eo)
                  0x000d64                  fclose.XX_eo:_closeall
 .libc._DNKfflush
                  0x000d7a         0x76 c:/program files (x86)/microchip/xc16/v1.31/bin/bin/../../lib\liblega-c-elf.a(fflush.XX_eo)
                  0x000d7a                  __DNKfflush
 .libc.strchr     0x000df0         0x18 c:/program files (x86)/microchip/xc16/v1.31/bin/bin/../../lib\liblega-c-elf.a(strchr.XX_eo)
                  0x000df0                  _strchr
 .libc._Atexit    0x000e08         0x18 c:/program files (x86)/microchip/xc16/v1.31/bin/bin/../../lib\liblega-c-elf.a(xatexit.XX_eo)
                  0x000e08                  __Atexit
 .libc._Vacopy    0x000e20          0x4 c:/program files (x86)/microchip/xc16/v1.31/bin/bin/../../lib\liblega-c-elf.a(xvacopy.XX_eo)
                  0x000e20                  __Vacopy
 .libc.free       0x000e24         0x6a c:/program files (x86)/microchip/xc16/v1.31/bin/bin/../../lib\liblega-c-elf.a(free.XX_elo)
                  0x000e24                  _free
 .libc.fwrite     0x000e8e         0xd4 c:/program files (x86)/microchip/xc16/v1.31/bin/bin/../../lib\liblega-c-elf.a(fwrite.XX_elo)
                  0x000e8e                  _fwrite
 .libc.findmem    0x000f62         0x78 c:/program files (x86)/microchip/xc16/v1.31/bin/bin/../../lib\liblega-c-elf.a(malloc.XX_elo)
 .libc.malloc     0x000fda         0x6e c:/program files (x86)/microchip/xc16/v1.31/bin/bin/../../lib\liblega-c-elf.a(malloc.XX_elo)
                  0x000fda                  _malloc
 .libc.memchr     0x001048         0x30 c:/program files (x86)/microchip/xc16/v1.31/bin/bin/../../lib\liblega-c-elf.a(memchr.XX_elo)
                  0x001048                  _memchr
 .libc.memcpy     0x001078         0x16 c:/program files (x86)/microchip/xc16/v1.31/bin/bin/../../lib\liblega-c-elf.a(memcpy.XX_elo)
                  0x001078                  _memcpy
 .libc.strlen     0x00108e         0x18 c:/program files (x86)/microchip/xc16/v1.31/bin/bin/../../lib\liblega-c-elf.a(strlen.XX_elo)
                  0x00108e                  _strlen
 .libc._Getmem    0x0010a6         0x18 c:/program files (x86)/microchip/xc16/v1.31/bin/bin/../../lib\liblega-c-elf.a(xgetmem.XX_elo)
                  0x0010a6                  __Getmem
 .libc._Puttxt    0x0010be        0x17e c:/program files (x86)/microchip/xc16/v1.31/bin/bin/../../lib\liblega-c-elf.a(xputtxt.XX_elo)
                  0x0010be                  __Puttxt
 .libc.doclose    0x00123c          0x4 c:/program files (x86)/microchip/xc16/v1.31/bin/bin/../../lib\liblega-pic30-elf.a(close.Leo)
 .libc.dowrite    0x001240          0x4 c:/program files (x86)/microchip/xc16/v1.31/bin/bin/../../lib\liblega-pic30-elf.a(write.Leo)
 .libc.doremove
                  0x001244          0x4 c:/program files (x86)/microchip/xc16/v1.31/bin/bin/../../lib\liblega-pic30-elf.a(remove.Leo)
 .libm.udivsi3    0x001248         0x20 c:/program files (x86)/microchip/xc16/v1.31/bin/bin/../../lib\libm-elf.a(udivsi3.eo)
                  0x001248                  ___udivsi3
 .libm.mulsi3     0x001268          0xc c:/program files (x86)/microchip/xc16/v1.31/bin/bin/../../lib\libm-elf.a(mulsi3.eo)
                  0x001268                  ___mulp32peds3
                  0x001268                  ___mulsi3
                  0x001268                  ___mulp32eds3

usercode
 *(usercode)

__FBS             0xf80000          0x2
 *(__FBS.sec*)
 __FBS.sec        0xf80000          0x2 FBS
                  0xf80000                  __FBS.sec

__FGS             0xf80004          0x2
 *(__FGS.sec*)
 __FGS.sec        0xf80004          0x2 FGS
                  0xf80004                  __FGS.sec

__FOSCSEL
 *(__FOSCSEL.sec*)

__FOSC
 *(__FOSC.sec*)

__FWDT
 *(__FWDT.sec*)

__FPOR
 *(__FPOR.sec*)

__FICD
 *(__FICD.sec*)

userdata
 *(userdata)

.comment          0x000000         0x5e
 *(.comment)
 .comment         0x000000         0x5e c:/program files (x86)/microchip/xc16/v1.31/bin/bin/../../lib\liblega-c-elf.a(xfiles.XX_eo)

.debug_info       0x000000        0xda8
 *(.debug_info)
 .debug_info      0x000000        0xda8 build/default/production/main.o
 *(.gnu.linkonce.wi.*)

.debug_abbrev     0x000000        0x154
 *(.debug_abbrev)
 .debug_abbrev    0x000000        0x154 build/default/production/main.o

.debug_line       0x000000        0x153
 *(.debug_line)
 .debug_line      0x000000        0x153 build/default/production/main.o

.debug_frame      0x000000         0xbc
 *(.debug_frame)
 .debug_frame     0x000000         0xbc build/default/production/main.o

.debug_str        0x000000         0x51
 *(.debug_str)
 .debug_str       0x000000         0x51 build/default/production/main.o

.debug_loc
 *(.debug_loc)

.debug_macinfo
 *(.debug_macinfo)

.debug_pubnames
                  0x000000         0x6f
 *(.debug_pubnames)
 .debug_pubnames
                  0x000000         0x6f build/default/production/main.o

.debug_ranges
 *(.debug_ranges)

.debug_aranges    0x000000         0x18
 *(.debug_aranges)
 .debug_aranges
                  0x000000         0x18 build/default/production/main.o
                    0x0000                  WREG0 = 0x0
                    0x0000                  _WREG0 = 0x0
                    0x0002                  WREG1 = 0x2
                    0x0002                  _WREG1 = 0x2
                    0x0004                  WREG2 = 0x4
                    0x0004                  _WREG2 = 0x4
                    0x0006                  WREG3 = 0x6
                    0x0006                  _WREG3 = 0x6
                    0x0008                  WREG4 = 0x8
                    0x0008                  _WREG4 = 0x8
                    0x000a                  WREG5 = 0xa
                    0x000a                  _WREG5 = 0xa
                    0x000c                  WREG6 = 0xc
                    0x000c                  _WREG6 = 0xc
                    0x000e                  WREG7 = 0xe
                    0x000e                  _WREG7 = 0xe
                    0x0010                  WREG8 = 0x10
                    0x0010                  _WREG8 = 0x10
                    0x0012                  WREG9 = 0x12
                    0x0012                  _WREG9 = 0x12
                    0x0014                  WREG10 = 0x14
                    0x0014                  _WREG10 = 0x14
                    0x0016                  WREG11 = 0x16
                    0x0016                  _WREG11 = 0x16
                    0x0018                  WREG12 = 0x18
                    0x0018                  _WREG12 = 0x18
                    0x001a                  WREG13 = 0x1a
                    0x001a                  _WREG13 = 0x1a
                    0x001c                  WREG14 = 0x1c
                    0x001c                  _WREG14 = 0x1c
                    0x001e                  WREG15 = 0x1e
                    0x001e                  _WREG15 = 0x1e
                    0x0020                  SPLIM = 0x20
                    0x0020                  _SPLIM = 0x20
                    0x0022                  ACCAL = 0x22
                    0x0022                  _ACCAL = 0x22
                    0x0024                  ACCAH = 0x24
                    0x0024                  _ACCAH = 0x24
                    0x0026                  ACCAU = 0x26
                    0x0026                  _ACCAU = 0x26
                    0x0028                  ACCBL = 0x28
                    0x0028                  _ACCBL = 0x28
                    0x002a                  ACCBH = 0x2a
                    0x002a                  _ACCBH = 0x2a
                    0x002c                  ACCBU = 0x2c
                    0x002c                  _ACCBU = 0x2c
                    0x002e                  PCL = 0x2e
                    0x002e                  _PCL = 0x2e
                    0x0030                  PCH = 0x30
                    0x0030                  _PCH = 0x30
                    0x0032                  TBLPAG = 0x32
                    0x0032                  _TBLPAG = 0x32
                    0x0034                  PSVPAG = 0x34
                    0x0034                  _PSVPAG = 0x34
                    0x0036                  RCOUNT = 0x36
                    0x0036                  _RCOUNT = 0x36
                    0x0038                  DCOUNT = 0x38
                    0x0038                  _DCOUNT = 0x38
                    0x003a                  DOSTARTL = 0x3a
                    0x003a                  _DOSTARTL = 0x3a
                    0x003c                  DOSTARTH = 0x3c
                    0x003c                  _DOSTARTH = 0x3c
                    0x003e                  DOENDL = 0x3e
                    0x003e                  _DOENDL = 0x3e
                    0x0040                  DOENDH = 0x40
                    0x0040                  _DOENDH = 0x40
                    0x0042                  SR = 0x42
                    0x0042                  _SR = 0x42
                    0x0042                  _SRbits = 0x42
                    0x0044                  CORCON = 0x44
                    0x0044                  _CORCON = 0x44
                    0x0044                  _CORCONbits = 0x44
                    0x0046                  MODCON = 0x46
                    0x0046                  _MODCON = 0x46
                    0x0046                  _MODCONbits = 0x46
                    0x0048                  XMODSRT = 0x48
                    0x0048                  _XMODSRT = 0x48
                    0x004a                  XMODEND = 0x4a
                    0x004a                  _XMODEND = 0x4a
                    0x004c                  YMODSRT = 0x4c
                    0x004c                  _YMODSRT = 0x4c
                    0x004e                  YMODEND = 0x4e
                    0x004e                  _YMODEND = 0x4e
                    0x0050                  XBREV = 0x50
                    0x0050                  _XBREV = 0x50
                    0x0050                  _XBREVbits = 0x50
                    0x0052                  DISICNT = 0x52
                    0x0052                  _DISICNT = 0x52
                    0x0052                  _DISICNTbits = 0x52
                    0x0060                  CNEN1 = 0x60
                    0x0060                  _CNEN1 = 0x60
                    0x0060                  _CNEN1bits = 0x60
                    0x0068                  CNPU1 = 0x68
                    0x0068                  _CNPU1 = 0x68
                    0x0068                  _CNPU1bits = 0x68
                    0x0080                  INTCON1 = 0x80
                    0x0080                  _INTCON1 = 0x80
                    0x0080                  _INTCON1bits = 0x80
                    0x0082                  INTCON2 = 0x82
                    0x0082                  _INTCON2 = 0x82
                    0x0082                  _INTCON2bits = 0x82
                    0x0084                  IFS0 = 0x84
                    0x0084                  _IFS0 = 0x84
                    0x0084                  _IFS0bits = 0x84
                    0x0086                  IFS1 = 0x86
                    0x0086                  _IFS1 = 0x86
                    0x0086                  _IFS1bits = 0x86
                    0x0088                  IFS2 = 0x88
                    0x0088                  _IFS2 = 0x88
                    0x0088                  _IFS2bits = 0x88
                    0x0094                  IEC0 = 0x94
                    0x0094                  _IEC0 = 0x94
                    0x0094                  _IEC0bits = 0x94
                    0x0096                  IEC1 = 0x96
                    0x0096                  _IEC1 = 0x96
                    0x0096                  _IEC1bits = 0x96
                    0x0098                  IEC2 = 0x98
                    0x0098                  _IEC2 = 0x98
                    0x0098                  _IEC2bits = 0x98
                    0x00a4                  IPC0 = 0xa4
                    0x00a4                  _IPC0 = 0xa4
                    0x00a4                  _IPC0bits = 0xa4
                    0x00a6                  IPC1 = 0xa6
                    0x00a6                  _IPC1 = 0xa6
                    0x00a6                  _IPC1bits = 0xa6
                    0x00a8                  IPC2 = 0xa8
                    0x00a8                  _IPC2 = 0xa8
                    0x00a8                  _IPC2bits = 0xa8
                    0x00aa                  IPC3 = 0xaa
                    0x00aa                  _IPC3 = 0xaa
                    0x00aa                  _IPC3bits = 0xaa
                    0x00ac                  IPC4 = 0xac
                    0x00ac                  _IPC4 = 0xac
                    0x00ac                  _IPC4bits = 0xac
                    0x00ae                  IPC5 = 0xae
                    0x00ae                  _IPC5 = 0xae
                    0x00ae                  _IPC5bits = 0xae
                    0x00b0                  IPC6 = 0xb0
                    0x00b0                  _IPC6 = 0xb0
                    0x00b0                  _IPC6bits = 0xb0
                    0x00b2                  IPC7 = 0xb2
                    0x00b2                  _IPC7 = 0xb2
                    0x00b2                  _IPC7bits = 0xb2
                    0x00b4                  IPC8 = 0xb4
                    0x00b4                  _IPC8 = 0xb4
                    0x00b4                  _IPC8bits = 0xb4
                    0x00b6                  IPC9 = 0xb6
                    0x00b6                  _IPC9 = 0xb6
                    0x00b6                  _IPC9bits = 0xb6
                    0x00b8                  IPC10 = 0xb8
                    0x00b8                  _IPC10 = 0xb8
                    0x00b8                  _IPC10bits = 0xb8
                    0x00e0                  INTTREG = 0xe0
                    0x00e0                  _INTTREG = 0xe0
                    0x00e0                  _INTTREGbits = 0xe0
                    0x0100                  TMR1 = 0x100
                    0x0100                  _TMR1 = 0x100
                    0x0102                  PR1 = 0x102
                    0x0102                  _PR1 = 0x102
                    0x0104                  T1CON = 0x104
                    0x0104                  _T1CON = 0x104
                    0x0104                  _T1CONbits = 0x104
                    0x0106                  TMR2 = 0x106
                    0x0106                  _TMR2 = 0x106
                    0x0108                  TMR3HLD = 0x108
                    0x0108                  _TMR3HLD = 0x108
                    0x010a                  TMR3 = 0x10a
                    0x010a                  _TMR3 = 0x10a
                    0x010c                  PR2 = 0x10c
                    0x010c                  _PR2 = 0x10c
                    0x010e                  PR3 = 0x10e
                    0x010e                  _PR3 = 0x10e
                    0x0110                  T2CON = 0x110
                    0x0110                  _T2CON = 0x110
                    0x0110                  _T2CONbits = 0x110
                    0x0112                  T3CON = 0x112
                    0x0112                  _T3CON = 0x112
                    0x0112                  _T3CONbits = 0x112
                    0x0140                  IC1BUF = 0x140
                    0x0140                  _IC1BUF = 0x140
                    0x0142                  IC1CON = 0x142
                    0x0142                  _IC1CON = 0x142
                    0x0142                  _IC1CONbits = 0x142
                    0x0180                  OC1RS = 0x180
                    0x0180                  _OC1RS = 0x180
                    0x0182                  OC1R = 0x182
                    0x0182                  _OC1R = 0x182
                    0x0184                  OC1CON = 0x184
                    0x0184                  _OC1CON = 0x184
                    0x0184                  _OC1CONbits = 0x184
                    0x0186                  OC2RS = 0x186
                    0x0186                  _OC2RS = 0x186
                    0x0188                  OC2R = 0x188
                    0x0188                  _OC2R = 0x188
                    0x018a                  OC2CON = 0x18a
                    0x018a                  _OC2CON = 0x18a
                    0x018a                  _OC2CONbits = 0x18a
                    0x0200                  I2CRCV = 0x200
                    0x0200                  _I2CRCV = 0x200
                    0x0200                  _I2CRCVbits = 0x200
                    0x0202                  I2CTRN = 0x202
                    0x0202                  _I2CTRN = 0x202
                    0x0202                  _I2CTRNbits = 0x202
                    0x0204                  I2CBRG = 0x204
                    0x0204                  _I2CBRG = 0x204
                    0x0204                  _I2CBRGbits = 0x204
                    0x0206                  I2CCON = 0x206
                    0x0206                  _I2CCON = 0x206
                    0x0206                  _I2CCONbits = 0x206
                    0x0208                  I2CSTAT = 0x208
                    0x0208                  _I2CSTAT = 0x208
                    0x0208                  _I2CSTATbits = 0x208
                    0x020a                  I2CADD = 0x20a
                    0x020a                  _I2CADD = 0x20a
                    0x020a                  _I2CADDbits = 0x20a
                    0x0220                  U1MODE = 0x220
                    0x0220                  _U1MODE = 0x220
                    0x0220                  _U1MODEbits = 0x220
                    0x0222                  U1STA = 0x222
                    0x0222                  _U1STA = 0x222
                    0x0222                  _U1STAbits = 0x222
                    0x0224                  U1TXREG = 0x224
                    0x0224                  _U1TXREG = 0x224
                    0x0224                  _U1TXREGbits = 0x224
                    0x0226                  U1RXREG = 0x226
                    0x0226                  _U1RXREG = 0x226
                    0x0226                  _U1RXREGbits = 0x226
                    0x0228                  U1BRG = 0x228
                    0x0228                  _U1BRG = 0x228
                    0x0240                  SPI1STAT = 0x240
                    0x0240                  _SPI1STAT = 0x240
                    0x0240                  _SPI1STATbits = 0x240
                    0x0242                  SPI1CON1 = 0x242
                    0x0242                  _SPI1CON1 = 0x242
                    0x0242                  _SPI1CON1bits = 0x242
                    0x0244                  SPI1CON2 = 0x244
                    0x0244                  _SPI1CON2 = 0x244
                    0x0244                  _SPI1CON2bits = 0x244
                    0x0246                  SPI1BUF = 0x246
                    0x0246                  _SPI1BUF = 0x246
                    0x02c0                  TRISA = 0x2c0
                    0x02c0                  _TRISA = 0x2c0
                    0x02c0                  _TRISAbits = 0x2c0
                    0x02c2                  PORTA = 0x2c2
                    0x02c2                  _PORTA = 0x2c2
                    0x02c2                  _PORTAbits = 0x2c2
                    0x02c4                  LATA = 0x2c4
                    0x02c4                  _LATA = 0x2c4
                    0x02c4                  _LATAbits = 0x2c4
                    0x02c6                  TRISB = 0x2c6
                    0x02c6                  _TRISB = 0x2c6
                    0x02c6                  _TRISBbits = 0x2c6
                    0x02c8                  PORTB = 0x2c8
                    0x02c8                  _PORTB = 0x2c8
                    0x02c8                  _PORTBbits = 0x2c8
                    0x02ca                  LATB = 0x2ca
                    0x02ca                  _LATB = 0x2ca
                    0x02ca                  _LATBbits = 0x2ca
                    0x02d2                  TRISD = 0x2d2
                    0x02d2                  _TRISD = 0x2d2
                    0x02d2                  _TRISDbits = 0x2d2
                    0x02d4                  PORTD = 0x2d4
                    0x02d4                  _PORTD = 0x2d4
                    0x02d4                  _PORTDbits = 0x2d4
                    0x02d6                  LATD = 0x2d6
                    0x02d6                  _LATD = 0x2d6
                    0x02d6                  _LATDbits = 0x2d6
                    0x02d8                  TRISE = 0x2d8
                    0x02d8                  _TRISE = 0x2d8
                    0x02d8                  _TRISEbits = 0x2d8
                    0x02da                  PORTE = 0x2da
                    0x02da                  _PORTE = 0x2da
                    0x02da                  _PORTEbits = 0x2da
                    0x02dc                  LATE = 0x2dc
                    0x02dc                  _LATE = 0x2dc
                    0x02dc                  _LATEbits = 0x2dc
                    0x02de                  TRISF = 0x2de
                    0x02de                  _TRISF = 0x2de
                    0x02de                  _TRISFbits = 0x2de
                    0x02e0                  PORTF = 0x2e0
                    0x02e0                  _PORTF = 0x2e0
                    0x02e0                  _PORTFbits = 0x2e0
                    0x02e2                  LATF = 0x2e2
                    0x02e2                  _LATF = 0x2e2
                    0x02e2                  _LATFbits = 0x2e2
                    0x0300                  ADCON = 0x300
                    0x0300                  _ADCON = 0x300
                    0x0300                  _ADCONbits = 0x300
                    0x0302                  ADPCFG = 0x302
                    0x0302                  _ADPCFG = 0x302
                    0x0302                  _ADPCFGbits = 0x302
                    0x0306                  ADSTAT = 0x306
                    0x0306                  _ADSTAT = 0x306
                    0x0306                  _ADSTATbits = 0x306
                    0x0308                  ADBASE = 0x308
                    0x0308                  _ADBASE = 0x308
                    0x0308                  _ADBASEbits = 0x308
                    0x030a                  ADCPC0 = 0x30a
                    0x030a                  _ADCPC0 = 0x30a
                    0x030a                  _ADCPC0bits = 0x30a
                    0x030c                  ADCPC1 = 0x30c
                    0x030c                  _ADCPC1 = 0x30c
                    0x030c                  _ADCPC1bits = 0x30c
                    0x0320                  ADCBUF0 = 0x320
                    0x0320                  _ADCBUF0 = 0x320
                    0x0322                  ADCBUF1 = 0x322
                    0x0322                  _ADCBUF1 = 0x322
                    0x0324                  ADCBUF2 = 0x324
                    0x0324                  _ADCBUF2 = 0x324
                    0x0326                  ADCBUF3 = 0x326
                    0x0326                  _ADCBUF3 = 0x326
                    0x0328                  ADCBUF4 = 0x328
                    0x0328                  _ADCBUF4 = 0x328
                    0x032a                  ADCBUF5 = 0x32a
                    0x032a                  _ADCBUF5 = 0x32a
                    0x032c                  ADCBUF6 = 0x32c
                    0x032c                  _ADCBUF6 = 0x32c
                    0x032e                  ADCBUF7 = 0x32e
                    0x032e                  _ADCBUF7 = 0x32e
                    0x0400                  PTCON = 0x400
                    0x0400                  _PTCON = 0x400
                    0x0400                  _PTCONbits = 0x400
                    0x0402                  PTPER = 0x402
                    0x0402                  _PTPER = 0x402
                    0x0402                  _PTPERbits = 0x402
                    0x0404                  MDC = 0x404
                    0x0404                  _MDC = 0x404
                    0x0406                  SEVTCMP = 0x406
                    0x0406                  _SEVTCMP = 0x406
                    0x0406                  _SEVTCMPbits = 0x406
                    0x0408                  PWMCON1 = 0x408
                    0x0408                  _PWMCON1 = 0x408
                    0x0408                  _PWMCON1bits = 0x408
                    0x040a                  IOCON1 = 0x40a
                    0x040a                  _IOCON1 = 0x40a
                    0x040a                  _IOCON1bits = 0x40a
                    0x040c                  FCLCON1 = 0x40c
                    0x040c                  _FCLCON1 = 0x40c
                    0x040c                  _FCLCON1bits = 0x40c
                    0x040e                  PDC1 = 0x40e
                    0x040e                  _PDC1 = 0x40e
                    0x0410                  PHASE1 = 0x410
                    0x0410                  _PHASE1 = 0x410
                    0x0412                  DTR1 = 0x412
                    0x0412                  _DTR1 = 0x412
                    0x0414                  ALTDTR1 = 0x414
                    0x0414                  _ALTDTR1 = 0x414
                    0x0416                  TRIG1 = 0x416
                    0x0416                  _TRIG1 = 0x416
                    0x0416                  _TRIG1bits = 0x416
                    0x0418                  TRGCON1 = 0x418
                    0x0418                  _TRGCON1 = 0x418
                    0x0418                  _TRGCON1bits = 0x418
                    0x041a                  LEBCON1 = 0x41a
                    0x041a                  _LEBCON1 = 0x41a
                    0x041a                  _LEBCON1bits = 0x41a
                    0x041c                  PWMCON2 = 0x41c
                    0x041c                  _PWMCON2 = 0x41c
                    0x041c                  _PWMCON2bits = 0x41c
                    0x041e                  IOCON2 = 0x41e
                    0x041e                  _IOCON2 = 0x41e
                    0x041e                  _IOCON2bits = 0x41e
                    0x0420                  FCLCON2 = 0x420
                    0x0420                  _FCLCON2 = 0x420
                    0x0420                  _FCLCON2bits = 0x420
                    0x0422                  PDC2 = 0x422
                    0x0422                  _PDC2 = 0x422
                    0x0424                  PHASE2 = 0x424
                    0x0424                  _PHASE2 = 0x424
                    0x0426                  DTR2 = 0x426
                    0x0426                  _DTR2 = 0x426
                    0x0428                  ALTDTR2 = 0x428
                    0x0428                  _ALTDTR2 = 0x428
                    0x042a                  TRIG2 = 0x42a
                    0x042a                  _TRIG2 = 0x42a
                    0x042a                  _TRIG2bits = 0x42a
                    0x042c                  TRGCON2 = 0x42c
                    0x042c                  _TRGCON2 = 0x42c
                    0x042c                  _TRGCON2bits = 0x42c
                    0x042e                  LEBCON2 = 0x42e
                    0x042e                  _LEBCON2 = 0x42e
                    0x042e                  _LEBCON2bits = 0x42e
                    0x0430                  PWMCON3 = 0x430
                    0x0430                  _PWMCON3 = 0x430
                    0x0430                  _PWMCON3bits = 0x430
                    0x0432                  IOCON3 = 0x432
                    0x0432                  _IOCON3 = 0x432
                    0x0432                  _IOCON3bits = 0x432
                    0x0434                  FCLCON3 = 0x434
                    0x0434                  _FCLCON3 = 0x434
                    0x0434                  _FCLCON3bits = 0x434
                    0x0436                  PDC3 = 0x436
                    0x0436                  _PDC3 = 0x436
                    0x0438                  PHASE3 = 0x438
                    0x0438                  _PHASE3 = 0x438
                    0x043a                  DTR3 = 0x43a
                    0x043a                  _DTR3 = 0x43a
                    0x043c                  ALTDTR3 = 0x43c
                    0x043c                  _ALTDTR3 = 0x43c
                    0x043e                  TRIG3 = 0x43e
                    0x043e                  _TRIG3 = 0x43e
                    0x043e                  _TRIG3bits = 0x43e
                    0x0440                  TRGCON3 = 0x440
                    0x0440                  _TRGCON3 = 0x440
                    0x0440                  _TRGCON3bits = 0x440
                    0x0442                  LEBCON3 = 0x442
                    0x0442                  _LEBCON3 = 0x442
                    0x0442                  _LEBCON3bits = 0x442
                    0x0444                  PWMCON4 = 0x444
                    0x0444                  _PWMCON4 = 0x444
                    0x0444                  _PWMCON4bits = 0x444
                    0x0446                  IOCON4 = 0x446
                    0x0446                  _IOCON4 = 0x446
                    0x0446                  _IOCON4bits = 0x446
                    0x0448                  FCLCON4 = 0x448
                    0x0448                  _FCLCON4 = 0x448
                    0x0448                  _FCLCON4bits = 0x448
                    0x044a                  PDC4 = 0x44a
                    0x044a                  _PDC4 = 0x44a
                    0x044c                  PHASE4 = 0x44c
                    0x044c                  _PHASE4 = 0x44c
                    0x044e                  DTR4 = 0x44e
                    0x044e                  _DTR4 = 0x44e
                    0x0450                  ALTDTR4 = 0x450
                    0x0450                  _ALTDTR4 = 0x450
                    0x0452                  TRIG4 = 0x452
                    0x0452                  _TRIG4 = 0x452
                    0x0452                  _TRIG4bits = 0x452
                    0x0454                  TRGCON4 = 0x454
                    0x0454                  _TRGCON4 = 0x454
                    0x0454                  _TRGCON4bits = 0x454
                    0x0456                  LEBCON4 = 0x456
                    0x0456                  _LEBCON4 = 0x456
                    0x0456                  _LEBCON4bits = 0x456
                    0x04c0                  CMPCON1 = 0x4c0
                    0x04c0                  _CMPCON1 = 0x4c0
                    0x04c0                  _CMPCON1bits = 0x4c0
                    0x04c2                  CMPDAC1 = 0x4c2
                    0x04c2                  _CMPDAC1 = 0x4c2
                    0x04c2                  _CMPDAC1bits = 0x4c2
                    0x04c4                  CMPCON2 = 0x4c4
                    0x04c4                  _CMPCON2 = 0x4c4
                    0x04c4                  _CMPCON2bits = 0x4c4
                    0x04c6                  CMPDAC2 = 0x4c6
                    0x04c6                  _CMPDAC2 = 0x4c6
                    0x04c6                  _CMPDAC2bits = 0x4c6
                    0x04c8                  CMPCON3 = 0x4c8
                    0x04c8                  _CMPCON3 = 0x4c8
                    0x04c8                  _CMPCON3bits = 0x4c8
                    0x04ca                  CMPDAC3 = 0x4ca
                    0x04ca                  _CMPDAC3 = 0x4ca
                    0x04ca                  _CMPDAC3bits = 0x4ca
                    0x04cc                  CMPCON4 = 0x4cc
                    0x04cc                  _CMPCON4 = 0x4cc
                    0x04cc                  _CMPCON4bits = 0x4cc
                    0x04ce                  CMPDAC4 = 0x4ce
                    0x04ce                  _CMPDAC4 = 0x4ce
                    0x04ce                  _CMPDAC4bits = 0x4ce
                    0x0740                  RCON = 0x740
                    0x0740                  _RCON = 0x740
                    0x0740                  _RCONbits = 0x740
                    0x0742                  OSCCON = 0x742
                    0x0742                  _OSCCON = 0x742
                    0x0742                  _OSCCONbits = 0x742
                    0x0742                  OSCCONL = 0x742
                    0x0742                  _OSCCONL = 0x742
                    0x0743                  OSCCONH = 0x743
                    0x0743                  _OSCCONH = 0x743
                    0x0748                  OSCTUN = 0x748
                    0x0748                  _OSCTUN = 0x748
                    0x0748                  _OSCTUNbits = 0x748
                    0x074a                  OSCTUN2 = 0x74a
                    0x074a                  _OSCTUN2 = 0x74a
                    0x074a                  _OSCTUN2bits = 0x74a
                    0x074c                  LFSR = 0x74c
                    0x074c                  _LFSR = 0x74c
                    0x0750                  BSRAM = 0x750
                    0x0750                  _BSRAM = 0x750
                    0x0750                  _BSRAMbits = 0x750
                    0x0760                  NVMCON = 0x760
                    0x0760                  _NVMCON = 0x760
                    0x0760                  _NVMCONbits = 0x760
                    0x0762                  NVMADR = 0x762
                    0x0762                  _NVMADR = 0x762
                    0x0764                  NVMADRU = 0x764
                    0x0764                  _NVMADRU = 0x764
                    0x0764                  _NVMADRUbits = 0x764
                    0x0766                  NVMKEY = 0x766
                    0x0766                  _NVMKEY = 0x766
                    0x0766                  _NVMKEYbits = 0x766
                    0x0770                  PMD1 = 0x770
                    0x0770                  _PMD1 = 0x770
                    0x0770                  _PMD1bits = 0x770
                    0x0772                  PMD2 = 0x772
                    0x0772                  _PMD2 = 0x772
                    0x0772                  _PMD2bits = 0x772
                    0x0774                  PMD3 = 0x774
                    0x0774                  _PMD3 = 0x774
                    0x0774                  _PMD3bits = 0x774
                    0x0022                  ACCA = 0x22
                    0x0022                  _ACCA = 0x22
                    0x0028                  ACCB = 0x28
                    0x0028                  _ACCB = 0x28
                    0x0140                  IC1 = 0x140
                    0x0140                  _IC1 = 0x140
                    0x0180                  OC1 = 0x180
                    0x0180                  _OC1 = 0x180
                    0x0186                  OC2 = 0x186
                    0x0186                  _OC2 = 0x186
                    0x0240                  SPI1 = 0x240
                    0x0240                  _SPI1 = 0x240
                    0x0220                  UART1 = 0x220
                    0x0220                  _UART1 = 0x220
START GROUP
LOAD c:/program files (x86)/microchip/xc16/v1.31/bin/bin/../../lib\liblega-pic30-elf.a
LOAD c:/program files (x86)/microchip/xc16/v1.31/bin/bin/../../lib\libm-elf.a
LOAD c:/program files (x86)/microchip/xc16/v1.31/bin/bin/../../lib\liblega-c-elf.a
END GROUP
OUTPUT(dist/default/production/final.X.production.elf elf32-pic30)
LOAD FGS
LOAD FBS
LOAD jump_table
LOAD default_isr
LOAD data_init

.debug_pubtypes
                  0x000018         0xeb
 .debug_pubtypes
                  0x000018         0xeb build/default/production/main.o

__c30_signature
                  0x000103        0x144
 __c30_signature
                  0x000103          0x6 build/default/production/main.o
 __c30_signature
                  0x000109          0x6 c:/program files (x86)/microchip/xc16/v1.31/bin/bin/../../lib\liblega-pic30-elf.a(crt0_standard.o)
 __c30_signature
                  0x00010f          0x6 c:/program files (x86)/microchip/xc16/v1.31/bin/bin/../../lib\liblega-pic30-elf.a(data_init_standard.o)
 __c30_signature
                  0x000115          0x6 c:/program files (x86)/microchip/xc16/v1.31/bin/bin/../../lib\liblega-pic30-elf.a(c30_uart.Leo)
 __c30_signature
                  0x00011b          0x6 c:/program files (x86)/microchip/xc16/v1.31/bin/bin/../../lib\liblega-pic30-elf.a(delay32.Leo)
 __c30_signature
                  0x000121          0x6 c:/program files (x86)/microchip/xc16/v1.31/bin/bin/../../lib\libm-elf.a(addsf3.eo)
 __c30_signature
                  0x000127          0x6 c:/program files (x86)/microchip/xc16/v1.31/bin/bin/../../lib\libm-elf.a(divsf3.eo)
 __c30_signature
                  0x00012d          0x6 c:/program files (x86)/microchip/xc16/v1.31/bin/bin/../../lib\libm-elf.a(feqltle.eo)
 __c30_signature
                  0x000133          0x6 c:/program files (x86)/microchip/xc16/v1.31/bin/bin/../../lib\libm-elf.a(fixsfsi.eo)
 __c30_signature
                  0x000139          0x6 c:/program files (x86)/microchip/xc16/v1.31/bin/bin/../../lib\libm-elf.a(floatsisf.eo)
 __c30_signature
                  0x00013f          0x6 c:/program files (x86)/microchip/xc16/v1.31/bin/bin/../../lib\libm-elf.a(floatunsisf.eo)
 __c30_signature
                  0x000145          0x6 c:/program files (x86)/microchip/xc16/v1.31/bin/bin/../../lib\libm-elf.a(fpack.eo)
 __c30_signature
                  0x00014b          0x6 c:/program files (x86)/microchip/xc16/v1.31/bin/bin/../../lib\libm-elf.a(funpack.eo)
 __c30_signature
                  0x000151          0x6 c:/program files (x86)/microchip/xc16/v1.31/bin/bin/../../lib\libm-elf.a(funpack2.eo)
 __c30_signature
                  0x000157          0x6 c:/program files (x86)/microchip/xc16/v1.31/bin/bin/../../lib\libm-elf.a(futil.eo)
 __c30_signature
                  0x00015d          0x6 c:/program files (x86)/microchip/xc16/v1.31/bin/bin/../../lib\libm-elf.a(mulsf3.eo)
 __c30_signature
                  0x000163          0x6 c:/program files (x86)/microchip/xc16/v1.31/bin/bin/../../lib\libm-elf.a(powf.eo)
 __c30_signature
                  0x000169          0x6 c:/program files (x86)/microchip/xc16/v1.31/bin/bin/../../lib\libm-elf.a(_frexpf.eo)
 __c30_signature
                  0x00016f          0x6 c:/program files (x86)/microchip/xc16/v1.31/bin/bin/../../lib\libm-elf.a(errno.eo)
 __c30_signature
                  0x000175          0x6 c:/program files (x86)/microchip/xc16/v1.31/bin/bin/../../lib\libm-elf.a(expf.eo)
 __c30_signature
                  0x00017b          0x6 c:/program files (x86)/microchip/xc16/v1.31/bin/bin/../../lib\libm-elf.a(fchop.eo)
 __c30_signature
                  0x000181          0x6 c:/program files (x86)/microchip/xc16/v1.31/bin/bin/../../lib\libm-elf.a(fcompare.eo)
 __c30_signature
                  0x000187          0x6 c:/program files (x86)/microchip/xc16/v1.31/bin/bin/../../lib\libm-elf.a(fgtge.eo)
 __c30_signature
                  0x00018d          0x6 c:/program files (x86)/microchip/xc16/v1.31/bin/bin/../../lib\libm-elf.a(floatdisf.eo)
 __c30_signature
                  0x000193          0x6 c:/program files (x86)/microchip/xc16/v1.31/bin/bin/../../lib\libm-elf.a(floatundisf.eo)
 __c30_signature
                  0x000199          0x6 c:/program files (x86)/microchip/xc16/v1.31/bin/bin/../../lib\libm-elf.a(ldexpf.eo)
 __c30_signature
                  0x00019f          0x6 c:/program files (x86)/microchip/xc16/v1.31/bin/bin/../../lib\libm-elf.a(logf.eo)
 __c30_signature
                  0x0001a5          0x6 c:/program files (x86)/microchip/xc16/v1.31/bin/bin/../../lib\liblega-c-elf.a(putchar.XX_eo)
 __c30_signature
                  0x0001ab          0x6 c:/program files (x86)/microchip/xc16/v1.31/bin/bin/../../lib\liblega-c-elf.a(xfiles.XX_eo)
 __c30_signature
                  0x0001b1          0x6 c:/program files (x86)/microchip/xc16/v1.31/bin/bin/../../lib\liblega-c-elf.a(fputc.XX_elo)
 __c30_signature
                  0x0001b7          0x6 c:/program files (x86)/microchip/xc16/v1.31/bin/bin/../../lib\liblega-c-elf.a(xfwprep.XX_elo)
 __c30_signature
                  0x0001bd          0x6 c:/program files (x86)/microchip/xc16/v1.31/bin/bin/../../lib\liblega-c-elf.a(printf_s.XXelo)
 __c30_signature
                  0x0001c3          0x6 c:/program files (x86)/microchip/xc16/v1.31/bin/bin/../../lib\liblega-c-elf.a(xprintf_s.XXelo)
 __c30_signature
                  0x0001c9          0x6 c:/program files (x86)/microchip/xc16/v1.31/bin/bin/../../lib\liblega-c-elf.a(xputfld_s.XXelo)
 __c30_signature
                  0x0001cf          0x6 c:/program files (x86)/microchip/xc16/v1.31/bin/bin/../../lib\liblega-c-elf.a(fclose.XX_eo)
 __c30_signature
                  0x0001d5          0x6 c:/program files (x86)/microchip/xc16/v1.31/bin/bin/../../lib\liblega-c-elf.a(fflush.XX_eo)
 __c30_signature
                  0x0001db          0x6 c:/program files (x86)/microchip/xc16/v1.31/bin/bin/../../lib\liblega-c-elf.a(strchr.XX_eo)
 __c30_signature
                  0x0001e1          0x6 c:/program files (x86)/microchip/xc16/v1.31/bin/bin/../../lib\liblega-c-elf.a(xatexit.XX_eo)
 __c30_signature
                  0x0001e7          0x6 c:/program files (x86)/microchip/xc16/v1.31/bin/bin/../../lib\liblega-c-elf.a(xvacopy.XX_eo)
 __c30_signature
                  0x0001ed          0x6 c:/program files (x86)/microchip/xc16/v1.31/bin/bin/../../lib\liblega-c-elf.a(free.XX_elo)
 __c30_signature
                  0x0001f3          0x6 c:/program files (x86)/microchip/xc16/v1.31/bin/bin/../../lib\liblega-c-elf.a(fwrite.XX_elo)
 __c30_signature
                  0x0001f9          0x6 c:/program files (x86)/microchip/xc16/v1.31/bin/bin/../../lib\liblega-c-elf.a(malloc.XX_elo)
 __c30_signature
                  0x0001ff          0x6 c:/program files (x86)/microchip/xc16/v1.31/bin/bin/../../lib\liblega-c-elf.a(memchr.XX_elo)
 __c30_signature
                  0x000205          0x6 c:/program files (x86)/microchip/xc16/v1.31/bin/bin/../../lib\liblega-c-elf.a(memcpy.XX_elo)
 __c30_signature
                  0x00020b          0x6 c:/program files (x86)/microchip/xc16/v1.31/bin/bin/../../lib\liblega-c-elf.a(strlen.XX_elo)
 __c30_signature
                  0x000211          0x6 c:/program files (x86)/microchip/xc16/v1.31/bin/bin/../../lib\liblega-c-elf.a(xgetmem.XX_elo)
 __c30_signature
                  0x000217          0x6 c:/program files (x86)/microchip/xc16/v1.31/bin/bin/../../lib\liblega-c-elf.a(xputtxt.XX_elo)
 __c30_signature
                  0x00021d          0x6 c:/program files (x86)/microchip/xc16/v1.31/bin/bin/../../lib\liblega-pic30-elf.a(close.Leo)
 __c30_signature
                  0x000223          0x6 c:/program files (x86)/microchip/xc16/v1.31/bin/bin/../../lib\liblega-pic30-elf.a(write.Leo)
 __c30_signature
                  0x000229          0x6 c:/program files (x86)/microchip/xc16/v1.31/bin/bin/../../lib\liblega-pic30-elf.a(remove.Leo)
 __c30_signature
                  0x00022f          0x6 c:/program files (x86)/microchip/xc16/v1.31/bin/bin/../../lib\liblega-pic30-elf.a(sbrk.Leo)
 __c30_signature
                  0x000235          0x6 c:/program files (x86)/microchip/xc16/v1.31/bin/bin/../../lib\liblega-pic30-elf.a(brk.Lelo)
 __c30_signature
                  0x00023b          0x6 c:/program files (x86)/microchip/xc16/v1.31/bin/bin/../../lib\libm-elf.a(udivsi3.eo)
 __c30_signature
                  0x000241          0x6 c:/program files (x86)/microchip/xc16/v1.31/bin/bin/../../lib\libm-elf.a(mulsi3.eo)

.nbss               0x0800          0xa
 .nbss              0x0800          0x8 build/default/production/main.o
                    0x0800                  _a1
                    0x0802                  _a2
                    0x0804                  _v2
 .nbss              0x0808          0x2 c:/program files (x86)/microchip/xc16/v1.31/bin/bin/../../lib\libm-elf.a(errno.eo)
                    0x0808                  _errno

.data               0x080a         0xa6
 .data              0x080a         0x88 c:/program files (x86)/microchip/xc16/v1.31/bin/bin/../../lib\liblega-c-elf.a(xfiles.XX_eo)
                    0x080a                  __Stdin
                    0x0832                  __Stdout
                    0x085a                  __Stderr
                    0x0882                  __Files
 .data              0x0892         0x1a c:/program files (x86)/microchip/xc16/v1.31/bin/bin/../../lib\liblega-c-elf.a(xprintf_s.XXelo)
 .data              0x08ac          0x4 c:/program files (x86)/microchip/xc16/v1.31/bin/bin/../../lib\liblega-c-elf.a(malloc.XX_elo)
                    0x08ac                  __Size_block

.bss                0x08b0          0x4
 .bss               0x08b0          0x4 c:/program files (x86)/microchip/xc16/v1.31/bin/bin/../../lib\liblega-c-elf.a(malloc.XX_elo)
                    0x08b0                  __Aldata

.data               0x08b4          0x2
 .data              0x08b4          0x2 c:/program files (x86)/microchip/xc16/v1.31/bin/bin/../../lib\liblega-pic30-elf.a(c30_uart.Leo)
                    0x08b4                  ___C30_UART

.bss                0x08b6          0x4
 .bss               0x08b6          0x2 c:/program files (x86)/microchip/xc16/v1.31/bin/bin/../../lib\liblega-c-elf.a(fclose.XX_eo)
 .bss               0x08b8          0x2 c:/program files (x86)/microchip/xc16/v1.31/bin/bin/../../lib\liblega-pic30-elf.a(brk.Lelo)
                    0x08b8                  ___curbrk

.config_ICS       0xf8000e          0x2
 .config_ICS      0xf8000e          0x2 build/default/production/main.o

.config_FPWRT     0xf8000c          0x2
 .config_FPWRT    0xf8000c          0x2 build/default/production/main.o

.config_FWDTEN    0xf8000a          0x2
 .config_FWDTEN
                  0xf8000a          0x2 build/default/production/main.o

.config_FCKSM     0xf80008          0x2
 .config_FCKSM    0xf80008          0x2 build/default/production/main.o

.config_FNOSC     0xf80006          0x2
 .config_FNOSC    0xf80006          0x2 build/default/production/main.o

.ivt._ADCInterrupt
                  0x00002a          0x2
 .ivt._ADCInterrupt
                  0x00002a          0x2 build/default/production/main.o

.const              0x9274          0x4 load address 0x001274  
 .const             0x9274          0x4 build/default/production/main.o

.text             0x001278        0x21a
 .text            0x001278        0x21a build/default/production/main.o
                  0x001278                  _floatToString
                  0x0013d8                  _Init_ADC
                  0x001438                  __ADCInterrupt
                  0x00144e                  _Init_UART
                  0x001466                  _main

.dinit            0x001492         0xac
 .dinit           0x001492         0xac data_init

.init.delay32     0x00153e         0x1c
 .init.delay32    0x00153e         0x1c c:/program files (x86)/microchip/xc16/v1.31/bin/bin/../../lib\liblega-pic30-elf.a(delay32.Leo)
                  0x00153e                  ___delay32
